-- ACL format checks
select ''::ace_int4;
ERROR:  missing ACE type
LINE 1: select ''::ace_int4;
               ^
select 'a'::ace_int4;
ERROR:  missing "/" sign
LINE 1: select 'a'::ace_int4;
               ^
select 'q'::ace_int4;
ERROR:  invalid ACE type: must be one of "adi"
LINE 1: select 'q'::ace_int4;
               ^
select 'a*'::ace_int4;
ERROR:  missing "/" sign
LINE 1: select 'a*'::ace_int4;
               ^
select 'a/'::ace_int4;
ERROR:  missing ACE flags
LINE 1: select 'a/'::ace_int4;
               ^
select 'a/hq'::ace_int4;
ERROR:  invalid ACE flag: must be one of "hpcoi0123456789ABCDEFGHIJKLMNOP"
LINE 1: select 'a/hq'::ace_int4;
               ^
select 'a/h'::ace_int4;
ERROR:  missing "/" sign
LINE 1: select 'a/h'::ace_int4;
               ^
select 'a/h/'::ace_int4;
ERROR:  missing ACE who
LINE 1: select 'a/h/'::ace_int4;
               ^
select 'a/h/='::ace_int4;
ERROR:  invalid input syntax for integer: ""
LINE 1: select 'a/h/='::ace_int4;
               ^
select 'a/h/1='::ace_int4;
ERROR:  missing ACE mask
LINE 1: select 'a/h/1='::ace_int4;
               ^
select 'a/h/1=d,'::ace_int4;
ERROR:  invalid ACE mask: must be one of "scdwr0123456789ABCDEFGHIJKLMNOPQ"
LINE 1: select 'a/h/1=d,'::ace_int4;
               ^
select 'a/h/1=dw'::ace_int4;
 ace_int4 
----------
 a/h/1=dw
(1 row)

select 'a/ihpc/1=wdddw'::ace_int4;
  ace_int4   
-------------
 a/hpci/1=dw
(1 row)

select 'd/ihpc/1=wdddw'::ace_int4;
  ace_int4   
-------------
 d/hpci/1=dw
(1 row)

select 'd/ihpc/-2147483648=wdddw'::ace_int4;
       ace_int4        
-----------------------
 d/hpci/-2147483648=dw
(1 row)

select 'd/ihpc/2147483647=wdddw'::ace_int4;
       ace_int4       
----------------------
 d/hpci/2147483647=dw
(1 row)

select 'a/ihpc/blah"=dw0'::ace_int4;
ERROR:  invalid input syntax for integer: ""
LINE 1: select 'a/ihpc/blah"=dw0'::ace_int4;
               ^
select 'd/ihpc/21474836480=wdddw'::ace_int4;
ERROR:  value "21474836480" is out of range for type integer
LINE 1: select 'd/ihpc/21474836480=wdddw'::ace_int4;
               ^
select 'd/ihpc/214748364800=wdddw'::ace_int4;
ERROR:  int4 too long
LINE 1: select 'd/ihpc/214748364800=wdddw'::ace_int4;
               ^
-- check access
select acl_check_access('{d//1=w,d//2=s,a//2=sdw,a//3=0}'::ace_int4[], 'sd0', '{3, 2}'::int4[], false);
 acl_check_access 
------------------
 0d
(1 row)

-- inherit only
select acl_check_access('{d//1=w,d/i/2=s,a//2=sdw,a//3=0}'::ace_int4[], 'sd0', '{3, 2}'::int4[], false);
 acl_check_access 
------------------
 0sd
(1 row)

