-- ACL format checks
select ''::ace_uuid;
ERROR:  missing ACE type
LINE 1: select ''::ace_uuid;
               ^
select 'a'::ace_uuid;
ERROR:  missing "/" sign
LINE 1: select 'a'::ace_uuid;
               ^
select 'q'::ace_uuid;
ERROR:  invalid ACE type: must be one of "adi"
LINE 1: select 'q'::ace_uuid;
               ^
select 'a*'::ace_uuid;
ERROR:  missing "/" sign
LINE 1: select 'a*'::ace_uuid;
               ^
select 'a/'::ace_uuid;
ERROR:  missing ACE flags
LINE 1: select 'a/'::ace_uuid;
               ^
select 'a/hq'::ace_uuid;
ERROR:  invalid ACE flag: must be one of "hpcoi0123456789ABCDEFGHIJKLMNOP"
LINE 1: select 'a/hq'::ace_uuid;
               ^
select 'a/h'::ace_uuid;
ERROR:  missing "/" sign
LINE 1: select 'a/h'::ace_uuid;
               ^
select 'a/h/'::ace_uuid;
ERROR:  missing ACE who
LINE 1: select 'a/h/'::ace_uuid;
               ^
select 'a/h/='::ace_uuid;
ERROR:  invalid input syntax for uuid: ""
LINE 1: select 'a/h/='::ace_uuid;
               ^
select 'a/h/00000000-0000-0000-0000-000000000001='::ace_uuid;
ERROR:  missing ACE mask
LINE 1: select 'a/h/00000000-0000-0000-0000-000000000001='::ace_uuid...
               ^
select 'a/h/00000000-0000-0000-0000-000000000001=d,'::ace_uuid;
ERROR:  invalid ACE mask: must be one of "scdwr0123456789ABCDEFGHIJKLMNOPQ"
LINE 1: select 'a/h/00000000-0000-0000-0000-000000000001=d,'::ace_uu...
               ^
select 'a/h/00000000-0000-0000-0000-000000000001=dw'::ace_uuid;
                  ace_uuid                   
---------------------------------------------
 a/h/00000000-0000-0000-0000-000000000001=dw
(1 row)

select 'a/ihpc/00000000-0000-0000-0000-000000000001=wdddw'::ace_uuid;
                    ace_uuid                    
------------------------------------------------
 a/hpci/00000000-0000-0000-0000-000000000001=dw
(1 row)

select 'd/ihpc/00000000-0000-0000-0000-000000000001=wdddw'::ace_uuid;
                    ace_uuid                    
------------------------------------------------
 d/hpci/00000000-0000-0000-0000-000000000001=dw
(1 row)

select 'd/ihpc/a0000000-ffff-b000-c000-d00000000001=wdddw'::ace_uuid;
                    ace_uuid                    
------------------------------------------------
 d/hpci/a0000000-ffff-b000-c000-d00000000001=dw
(1 row)

select 'a/ihpc/blah"=dw0'::ace_uuid;
ERROR:  invalid input syntax for uuid: "blah"
LINE 1: select 'a/ihpc/blah"=dw0'::ace_uuid;
               ^
select 'd/ihpc/a0000000-ffff-b000-c000-d000000000010000=wdddw'::ace_uuid;
ERROR:  UUID too long
LINE 1: select 'd/ihpc/a0000000-ffff-b000-c000-d000000000010000=wddd...
               ^
DETAIL:  UUID must be exactly 36 characters.
-- check access
select acl_check_access('{d//00000000-0000-0000-0000-000000000001=w,d//00000000-0000-0000-0000-000000000002=s,a//00000000-0000-0000-0000-000000000002=sdw,a//00000000-0000-0000-0000-000000000003=0}'::ace_uuid[], 'sd0', '{00000000-0000-0000-0000-000000000003, 00000000-0000-0000-0000-000000000002}'::uuid[], false);
 acl_check_access 
------------------
 0d
(1 row)

-- inherit only
select acl_check_access('{d//00000000-0000-0000-0000-000000000001=w,d/i/00000000-0000-0000-0000-000000000002=s,a//00000000-0000-0000-0000-000000000002=sdw,a//00000000-0000-0000-0000-000000000003=0}'::ace_uuid[], 'sd0', '{00000000-0000-0000-0000-000000000003, 00000000-0000-0000-0000-000000000002}'::uuid[], false);
 acl_check_access 
------------------
 0sd
(1 row)

