-- ACL format checks
select ''::ace_bigint;
ERROR:  missing ACE type
LINE 1: select ''::ace_bigint;
               ^
select 'a'::ace_bigint;
ERROR:  missing "/" sign
LINE 1: select 'a'::ace_bigint;
               ^
select 'q'::ace_bigint;
ERROR:  invalid ACE type: must be one of "adi"
LINE 1: select 'q'::ace_bigint;
               ^
select 'a*'::ace_bigint;
ERROR:  missing "/" sign
LINE 1: select 'a*'::ace_bigint;
               ^
select 'a/'::ace_bigint;
ERROR:  missing ACE flags
LINE 1: select 'a/'::ace_bigint;
               ^
select 'a/hq'::ace_bigint;
ERROR:  invalid ACE flag: must be one of "hpcoi0123456789ABCDEFGHIJKLMNOP"
LINE 1: select 'a/hq'::ace_bigint;
               ^
select 'a/h'::ace_bigint;
ERROR:  missing "/" sign
LINE 1: select 'a/h'::ace_bigint;
               ^
select 'a/h/'::ace_bigint;
ERROR:  missing ACE who
LINE 1: select 'a/h/'::ace_bigint;
               ^
select 'a/h/='::ace_bigint;
ERROR:  invalid input syntax for integer: ""
LINE 1: select 'a/h/='::ace_bigint;
               ^
select 'a/h/1='::ace_bigint;
ERROR:  missing ACE mask
LINE 1: select 'a/h/1='::ace_bigint;
               ^
select 'a/h/1=d,'::ace_bigint;
ERROR:  invalid ACE mask: must be one of "scdwr0123456789ABCDEFGHIJKLMNOPQ"
LINE 1: select 'a/h/1=d,'::ace_bigint;
               ^
select 'a/h/1=dw'::ace_bigint;
 ace_bigint 
------------
 a/h/1=dw
(1 row)

select 'a/ihpc/1=wdddw'::ace_bigint;
 ace_bigint  
-------------
 a/hpci/1=dw
(1 row)

select 'd/ihpc/1=wdddw'::ace_bigint;
 ace_bigint  
-------------
 d/hpci/1=dw
(1 row)

select 'd/ihpc/-9223372036854775808=wdddw'::ace_bigint;
           ace_bigint           
--------------------------------
 d/hpci/-9223372036854775808=dw
(1 row)

select 'd/ihpc/9223372036854775807=wdddw'::ace_bigint;
          ace_bigint           
-------------------------------
 d/hpci/9223372036854775807=dw
(1 row)

select 'a/ihpc/blah"=dw0'::ace_bigint;
ERROR:  invalid input syntax for integer: ""
LINE 1: select 'a/ihpc/blah"=dw0'::ace_bigint;
               ^
select 'd/ihpc/9223372036854775808=wdddw'::ace_bigint;
ERROR:  value "9223372036854775808" is out of range for type bigint
LINE 1: select 'd/ihpc/9223372036854775808=wdddw'::ace_bigint;
               ^
select 'd/ihpc/922337203685477580800=wdddw'::ace_bigint;
ERROR:  bigint too long
LINE 1: select 'd/ihpc/922337203685477580800=wdddw'::ace_bigint;
               ^
-- check access
select acl_check_access('{d//1=w,d//2=s,a//2=sdw,a//3=0}'::ace_bigint[], 'sd0', '{3, 2}'::bigint[], false);
 acl_check_access 
------------------
 0d
(1 row)

-- inherit only
select acl_check_access('{d//1=w,d/i/2=s,a//2=sdw,a//3=0}'::ace_bigint[], 'sd0', '{3, 2}'::bigint[], false);
 acl_check_access 
------------------
 0sd
(1 row)

